<?xml version="1.0" encoding="UTF-8"?>
<TestRun id="787e6c59-d0e5-420e-bb67-9140c2882662" name="Marleen@MARLEEN-HP 2018-04-15 20:00:43" runUser="Marleen-HP\Marleen" xmlns="http://microsoft.com/schemas/VisualStudio/TeamTest/2010">
  <TestSettings name="Local" id="a83538b4-1bee-41a3-a528-4008d7d4e8b3">
    <Description>These are default test settings for a local test run.</Description>
    <Deployment enabled="false" runDeploymentRoot="Marleen_MARLEEN-HP 2018-04-15 20_00_43">
      <DeploymentItem filename="C:\Users\Marleen\Desktop\ttr\CodingExercise\packages\Newtonsoft.Json.6.0.3\lib\net40\Newtonsoft.Json.dll" />
      <DeploymentItem filename="C:\Users\Marleen\Desktop\ttr\CodingExercise\ExpediaCodingExercise\bin\ExpediaCodingExercise.dll" />
    </Deployment>
    <Execution>
      <TestTypeSpecific />
      <AgentRule name="Execution Agents">
      </AgentRule>
    </Execution>
  </TestSettings>
  <Times creation="2018-04-15T20:00:43.8397752+03:00" queuing="2018-04-15T20:00:45.2998587+03:00" start="2018-04-15T20:00:45.3788632+03:00" finish="2018-04-15T20:00:47.2759717+03:00" />
  <ResultSummary outcome="Completed">
    <Counters total="2" executed="2" passed="2" error="0" failed="0" timeout="0" aborted="0" inconclusive="0" passedButRunAborted="0" notRunnable="0" notExecuted="0" disconnected="0" warning="0" completed="0" inProgress="0" pending="0" />
  </ResultSummary>
  <TestDefinitions>
    <UnitTest name="CanConsumeJSONAPI" storage="c:\users\marleen\desktop\ttr\codingexercise\localunittesting\bin\debug\localunittesting.dll" id="cd92a1a9-3050-947a-7359-3a04799eb8fd">
      <Execution id="6e15d763-1c58-4d5a-a366-5af491a58631" />
      <TestMethod codeBase="C:/Users/Marleen/Desktop/ttr/CodingExercise/LocalUnitTesting/bin/Debug/LocalUnitTesting.DLL" adapterTypeName="Microsoft.VisualStudio.TestTools.TestTypes.Unit.UnitTestAdapter, Microsoft.VisualStudio.QualityTools.Tips.UnitTest.Adapter, Version=10.0.0.0, Culture=neutral, PublicKeyToken=b03f5f7f11d50a3a" className="UnitTest.UnitTes, LocalUnitTesting, Version=1.0.0.0, Culture=neutral, PublicKeyToken=null" name="CanConsumeJSONAPI" />
    </UnitTest>
    <UnitTest name="canGetDistinantions" storage="c:\users\marleen\desktop\ttr\codingexercise\localunittesting\bin\debug\localunittesting.dll" id="11e83c9e-f55f-4d61-ef75-b99b3a804323">
      <Execution id="9bb066b1-3c73-46ad-a36e-3d7dd732a4e1" />
      <TestMethod codeBase="C:/Users/Marleen/Desktop/ttr/CodingExercise/LocalUnitTesting/bin/Debug/LocalUnitTesting.DLL" adapterTypeName="Microsoft.VisualStudio.TestTools.TestTypes.Unit.UnitTestAdapter, Microsoft.VisualStudio.QualityTools.Tips.UnitTest.Adapter, Version=10.0.0.0, Culture=neutral, PublicKeyToken=b03f5f7f11d50a3a" className="UnitTest.UnitTes, LocalUnitTesting, Version=1.0.0.0, Culture=neutral, PublicKeyToken=null" name="canGetDistinantions" />
    </UnitTest>
  </TestDefinitions>
  <TestLists>
    <TestList name="Results Not in a List" id="8c84fa94-04c1-424b-9868-57a2d4851a1d" />
    <TestList name="All Loaded Results" id="19431567-8539-422a-85d7-44ee4e166bda" />
  </TestLists>
  <TestEntries>
    <TestEntry testId="11e83c9e-f55f-4d61-ef75-b99b3a804323" executionId="9bb066b1-3c73-46ad-a36e-3d7dd732a4e1" testListId="8c84fa94-04c1-424b-9868-57a2d4851a1d" />
    <TestEntry testId="cd92a1a9-3050-947a-7359-3a04799eb8fd" executionId="6e15d763-1c58-4d5a-a366-5af491a58631" testListId="8c84fa94-04c1-424b-9868-57a2d4851a1d" />
  </TestEntries>
  <Results>
    <UnitTestResult executionId="9bb066b1-3c73-46ad-a36e-3d7dd732a4e1" testId="11e83c9e-f55f-4d61-ef75-b99b3a804323" testName="canGetDistinantions" computerName="MARLEEN-HP" duration="00:00:01.6038085" startTime="2018-04-15T20:00:45.3888638+03:00" endTime="2018-04-15T20:00:47.2229687+03:00" testType="13cdc9d9-ddb5-4fa4-a97d-d965ccfc6d4b" outcome="Passed" testListId="8c84fa94-04c1-424b-9868-57a2d4851a1d" relativeResultsDirectory="9bb066b1-3c73-46ad-a36e-3d7dd732a4e1">
    </UnitTestResult>
    <UnitTestResult executionId="6e15d763-1c58-4d5a-a366-5af491a58631" testId="cd92a1a9-3050-947a-7359-3a04799eb8fd" testName="CanConsumeJSONAPI" computerName="MARLEEN-HP" duration="00:00:00.0002939" startTime="2018-04-15T20:00:47.2239688+03:00" endTime="2018-04-15T20:00:47.2289690+03:00" testType="13cdc9d9-ddb5-4fa4-a97d-d965ccfc6d4b" outcome="Passed" testListId="8c84fa94-04c1-424b-9868-57a2d4851a1d" relativeResultsDirectory="6e15d763-1c58-4d5a-a366-5af491a58631">
    </UnitTestResult>
  </Results>
</TestRun>